// Jest Snapshot v1, https://goo.gl/fbAQLP

exports[`codegen element 1`] = `
"const { createElementVNode : _createElementVNode, toDisplayString : _toDisplayString } = vue
return function render(_ctx, _cache){ return _createElementVNode('div', null, 'hi,' + _toDisplayString(_ctx.message)) }"
`;
