// Jest Snapshot v1, https://goo.gl/fbAQLP

exports[`codegen element 1`] = `
"import { createElementVNode as _createElementVNode, toDisplayString as _toDisplayString } from 'vue'
return function render(_ctx, _cache){ return _createElementVNode("div", null, "hi," + _toDisplayString(_ctx.message)) }"
`;

exports[`codegen interpolation 1`] = `
"import { toDisplayString as _toDisplayString } from 'vue'
return function render(_ctx, _cache){ return _toDisplayString(_ctx.message) }"
`;

exports[`codegen string 1`] = `"return function render(_ctx, _cache){ return 'hi' }"`;
